// Jest Snapshot v1, https://goo.gl/fbAQLP

exports[`Header component Renders a Header 1`] = `
<header
  className="Header"
>
  <h1>
    Photo Album
  </h1>
</header>
`;
